error: Clike enum variant discriminant is not portable to 32-bit targets
  --> $DIR/enums_clike.rs:10:5
   |
10 |     X = 0x1_0000_0000,
   |     ^^^^^^^^^^^^^^^^^
   |
   = note: `-D enum-clike-unportable-variant` implied by `-D warnings`

error: Clike enum variant discriminant is not portable to 32-bit targets
  --> $DIR/enums_clike.rs:17:5
   |
17 |     X = 0x1_0000_0000,
   |     ^^^^^^^^^^^^^^^^^

error: aborting due to 2 previous errors

